jupyter-24100439@st.phenik-12c28@jupyter-virtual-machine:~/git-lab/README.md/answer.md$ git commit -m "Initial commit"
[master (root-commit) d88d34b] Initial commit
 1 file changed, 36 insertions(+)
 create mode 100644 README.md/answer.md/answer.md
jupyter-24100439@st.phenik-12c28@jupyter-virtual-machine:~/git-lab/README.md/answer.md$ git status
On branch master
Untracked files:
  (use "git add <file>..." to include in what will be committed)
        ../../git-lab/

nothing added to commit but untracked files present (use "git add" to track)
